<html>
<body>
<pre>
<h1>µVision Build Log</h1>
<h2>Tool Versions:</h2>
IDE-Version: ¦ÌVision V5.14.2
Copyright (C) 2015 ARM Ltd and ARM Germany GmbH. All rights reserved.
License Information: Cortex-M3, willin, LIC=3UUAR-KQ6QP-GM399-46XGB-UYXSY-NTVVC
 
Tool Versions:
Toolchain:       MDK-ARM Professional  Version: 5.14.0.0
Toolchain Path:  C:\Keil_v5\ARM\ARMCC\Bin
C Compiler:      Armcc.exe V5.05 update 1 (build 106)
Assembler:       Armasm.exe V5.05 update 1 (build 106)
Linker/Locator:  ArmLink.exe V5.05 update 1 (build 106)
Library Manager: ArmAr.exe V5.05 update 1 (build 106)
Hex Converter:   FromElf.exe V5.05 update 1 (build 106)
CPU DLL:         SARMCM3.DLL V5.14.0.0
Dialog DLL:      DCM.DLL V1.13.1.0
Target DLL:      STLink\ST-LINKIII-KEIL_SWO.dll V2.0.14.0_KEIL
Dialog DLL:      TCM.DLL V1.14.4.0
 
<h2>Project:</h2>
F:\CircleDisplay\0.96inch_SPI_Module_ST7789_MSP0962_MSP0963_V1.0\0.96inch_SPI_Module_ST7789_MSP0962_MSP0963_V1.0\1-Demo\Demo_STM32\Demo_MSP0962_MSP0963_STM32F103C8T6_HAL_Hardware_SPI\PROJECT\lcd_test.uvprojx
Project File Date:  05/21/2024

<h2>Output:</h2>
*** Using Compiler 'V5.05 update 1 (build 106)', folder: 'C:\Keil_v5\ARM\ARMCC\Bin'
Build target 'QD_LCD'
compiling test.c...
..\APPLICATION\ashin.h(978): warning:  #9-D: nested comment is not allowed
  const unsigned char gImage_ashin_stm32[47520] = { /* 0X08,0X08,0XF0,0X00,0XC6,0X00, *//*
..\APPLICATION\test.c: 1 warning, 0 errors
linking...
Program Size: Code=6496 RO-data=18264 RW-data=20 ZI-data=11980  
FromELF: creating hex file...
"..\OUTPUT\LCD_TEST.axf" - 0 Error(s), 1 Warning(s).

<h2>Collection of Component include folders:</h2>
  F:\CircleDisplay\0.96inch_SPI_Module_ST7789_MSP0962_MSP0963_V1.0\0.96inch_SPI_Module_ST7789_MSP0962_MSP0963_V1.0\1-Demo\Demo_STM32\Demo_MSP0962_MSP0963_STM32F103C8T6_HAL_Hardware_SPI\PROJECT\RTE
  C:\Keil_v5\ARM\PACK\Keil\STM32F1xx_DFP\1.0.5\Device\Include

<h2>Collection of Component Files used:</h2>
</pre>
</body>
</html>
